结合 第三章、主机规划与磁盘分区 一起理解

#### fdisk：磁盘分区

```
选项与参数：
-l  ：输出后面接的装置所有的 分区 内容。若仅有 fdisk -l 时，
      则系统将会把整个系统内能够搜寻到的装置的 分区 均列出来。
	  
[root@www ~]# fdisk -l  <==仔细看，不要加上数字喔！ 列出所有分区
 
[root@www ~]# fdisk /dev/hdc  <==仔细看，不要加上数字喔！显示此分区具体信息

Command (m for help): m   <== 输入 m 后，就会看到底下这些命令介绍
Command action
   a   toggle a bootable flag
   b   edit bsd disklabel
   c   toggle the dos compatibility flag
   d   delete a partition            <==删除一个partition
   l   list known partition types
   m   print this menu
   n   add a new partition           <==新增一个partition
   o   create a new empty DOS partition table
   p   print the partition table     <==在屏幕上显示分割表
   q   quit without saving changes   <==不储存离开fdisk程序
   s   create a new empty Sun disklabel
   t   change a partition's system id
   u   change display/entry units
   v   verify the partition table
   w   write table to disk and exit  <==将刚刚的动作写入分割表
   x   extra functionality (experts only)
Command (m for help): p  <== 这里可以输出目前磁盘的状态
 
Disk /dev/hdc: 41.1 GB, 41174138880 bytes        <==这个磁盘的文件名与容量
255 heads, 63 sectors/track, 5005 cylinders      <==磁头、扇区与磁柱大小
Units = cylinders of 16065 * 512 = 8225280 bytes <==每个磁柱的大小
 
   Device Boot      Start         End      Blocks   Id  System
/dev/hdc1   *           1          13      104391   83  Linux
/dev/hdc2              14        1288    10241437+  83  Linux
/dev/hdc3            1289        1925     5116702+  83  Linux
/dev/hdc4            1926        5005    24740100    5  Extended
/dev/hdc5            1926        2052     1020096   82  Linux swap / Solaris
# 装置文件名 启动区否 开始磁柱    结束磁柱  1K大小容量 磁盘分区槽内的系统
```
分割完成 必要按下『 w 』这个动作！因为我们实际上确实要创建这个分割槽
此时你可以直接使用 reboot 来处理， 也可以使用 GNU 推出的工具程序来处置，那就是 partprobe 这个命令。

